My name is Stan, my power is luck.
With great power, comes great responsibility.
Stan is always worthy...
