My name is Steve, my power is enhanced strength and durability, my weapon is my vibranium shield.
I could do this all day.
Steve is already worthy...
