My name is Tony, my power is super intelligence and my weapon is Mark L.
I am Iron Man. *snap* 
In all due time. A hero becomes more than a hero.
