My name is Bruce, my power is being angry and my weapon is my fists.
HULK SMASH!
In all due time. A hero becomes more than a hero.
