My name is Thor, my power is being the God of thunder and my weapons are Mjolnir and Stormbreaker.
You're big. I've fought bigger.
Thor is always worthy...
